
Running 45 tests using 7 workers

[1A[2K[1/45] [chromium] › e2e/tier1/features-4-to-6.spec.ts:12:5 › Tier 1: Milestone 2 (Features 4-6) › Feature 4: Thematic UI › Dark mode background color is a gray shade, not pure black
[1A[2K[2/45] [chromium] › e2e/tier1/features-4-to-6.spec.ts:34:5 › Tier 1: Milestone 2 (Features 4-6) › Feature 4: Thematic UI › Typography includes monospace fonts for code or specific data
[1A[2K[3/45] [chromium] › e2e/tier1/features-4-to-6.spec.ts:6:5 › Tier 1: Milestone 2 (Features 4-6) › Feature 4: Thematic UI › Particle background is present
[1A[2K[4/45] [chromium] › e2e/tier1/features-4-to-6.spec.ts:28:5 › Tier 1: Milestone 2 (Features 4-6) › Feature 4: Thematic UI › Typography includes sans-serif fonts for UI elements
[1A[2K[5/45] [chromium] › e2e/tier1/features-4-to-6.spec.ts:42:5 › Tier 1: Milestone 2 (Features 4-6) › Feature 5: 3D Book Covers & Flip-open animation › 3D Book covers are visible in the library
[1A[2K[6/45] [chromium] › e2e/tier1/features-4-to-6.spec.ts:22:5 › Tier 1: Milestone 2 (Features 4-6) › Feature 4: Thematic UI › Typography includes serif fonts for headings
[1A[2K[7/45] [chromium] › e2e/tier1/features-4-to-6.spec.ts:48:5 › Tier 1: Milestone 2 (Features 4-6) › Feature 5: 3D Book Covers & Flip-open animation › Clicking a 3D book cover triggers flip animation
[1A[2K  1) [chromium] › e2e/tier1/features-4-to-6.spec.ts:12:5 › Tier 1: Milestone 2 (Features 4-6) › Feature 4: Thematic UI › Dark mode background color is a gray shade, not pure black 

    Error: [2mexpect([22m[31mlocator[39m[2m).[22mtoHaveCSS[2m([22m[32mexpected[39m[2m)[22m failed

    Locator: locator('body')
    Expected pattern: [32m/rgba?\(.*[1-9].*\)/[39m
    Received string:  [31m"rgba(0, 0, 0, 0)"[39m
    Timeout: 5000ms

    Call log:
    [2m  - Expect "toHaveCSS" with timeout 5000ms[22m
    [2m  - waiting for locator('body')[22m
    [2m    9 × locator resolved to <body></body>[22m
    [2m      - unexpected value "rgba(0, 0, 0, 0)"[22m


      13 |       await page.goto('http://localhost:3000').catch(() => {});
      14 |       const body = page.locator('body');
    > 15 |       await expect(body).toHaveCSS('background-color', /rgba?\(.*[1-9].*\)/);
         |                          ^
      16 |       // Let's do a more explicit check via JS
      17 |       const bg = await body.evaluate((el) => window.getComputedStyle(el).backgroundColor).catch(() => 'rgb(0, 0, 0)');
      18 |       expect(bg).not.toBe('rgb(0, 0, 0)');
        at /Users/akubird/.gemini/antigravity/scratch/teach-redesign/e2e/tier1/features-4-to-6.spec.ts:15:26

    Error Context: test-results/tier1-features-4-to-6-Tier-6524e-a-gray-shade-not-pure-black-chromium/error-context.md


[1A[2K  2) [chromium] › e2e/tier1/features-4-to-6.spec.ts:6:5 › Tier 1: Milestone 2 (Features 4-6) › Feature 4: Thematic UI › Particle background is present 

    Error: [2mexpect([22m[31mlocator[39m[2m).[22mtoBeVisible[2m([22m[2m)[22m failed

    Locator: getByTestId('particle-background')
    Expected: visible
    Timeout: 5000ms
    Error: element(s) not found

    Call log:
    [2m  - Expect "toBeVisible" with timeout 5000ms[22m
    [2m  - waiting for getByTestId('particle-background')[22m


       7 |       await page.goto('http://localhost:3000').catch(() => {});
       8 |       const background = page.getByTestId('particle-background');
    >  9 |       await expect(background).toBeVisible();
         |                                ^
      10 |     });
      11 |
      12 |     test('Dark mode background color is a gray shade, not pure black', async ({ page }) => {
        at /Users/akubird/.gemini/antigravity/scratch/teach-redesign/e2e/tier1/features-4-to-6.spec.ts:9:32

    Error Context: test-results/tier1-features-4-to-6-Tier-9bddb-ticle-background-is-present-chromium/error-context.md


[1A[2K  3) [chromium] › e2e/tier1/features-4-to-6.spec.ts:34:5 › Tier 1: Milestone 2 (Features 4-6) › Feature 4: Thematic UI › Typography includes monospace fonts for code or specific data 

    Error: [2mexpect([22m[31mlocator[39m[2m).[22mtoHaveCSS[2m([22m[32mexpected[39m[2m)[22m failed

    Locator: locator('code').first()
    Expected pattern: [32m/monospace/i[39m
    Timeout: 5000ms
    Error: element(s) not found

    Call log:
    [2m  - Expect "toHaveCSS" with timeout 5000ms[22m
    [2m  - waiting for locator('code').first()[22m


      35 |       await page.goto('http://localhost:3000').catch(() => {});
      36 |       const codeBlock = page.locator('code').first();
    > 37 |       await expect(codeBlock).toHaveCSS('font-family', /monospace/i);
         |                               ^
      38 |     });
      39 |   });
      40 |
        at /Users/akubird/.gemini/antigravity/scratch/teach-redesign/e2e/tier1/features-4-to-6.spec.ts:37:31

    Error Context: test-results/tier1-features-4-to-6-Tier-3304d-s-for-code-or-specific-data-chromium/error-context.md


[1A[2K  4) [chromium] › e2e/tier1/features-4-to-6.spec.ts:28:5 › Tier 1: Milestone 2 (Features 4-6) › Feature 4: Thematic UI › Typography includes sans-serif fonts for UI elements 

    Error: [2mexpect([22m[31mlocator[39m[2m).[22mtoHaveCSS[2m([22m[32mexpected[39m[2m)[22m failed

    Locator: getByTestId('sidebar')
    Expected pattern: [32m/sans-serif/i[39m
    Timeout: 5000ms
    Error: element(s) not found

    Call log:
    [2m  - Expect "toHaveCSS" with timeout 5000ms[22m
    [2m  - waiting for getByTestId('sidebar')[22m


      29 |       await page.goto('http://localhost:3000').catch(() => {});
      30 |       const sidebar = page.getByTestId('sidebar');
    > 31 |       await expect(sidebar).toHaveCSS('font-family', /sans-serif/i);
         |                             ^
      32 |     });
      33 |
      34 |     test('Typography includes monospace fonts for code or specific data', async ({ page }) => {
        at /Users/akubird/.gemini/antigravity/scratch/teach-redesign/e2e/tier1/features-4-to-6.spec.ts:31:29

    Error Context: test-results/tier1-features-4-to-6-Tier-1d7b0-serif-fonts-for-UI-elements-chromium/error-context.md


[1A[2K  5) [chromium] › e2e/tier1/features-4-to-6.spec.ts:42:5 › Tier 1: Milestone 2 (Features 4-6) › Feature 5: 3D Book Covers & Flip-open animation › 3D Book covers are visible in the library 

    Error: [2mexpect([22m[31mlocator[39m[2m).[22mtoBeVisible[2m([22m[2m)[22m failed

    Locator: getByTestId('3d-book-cover').first()
    Expected: visible
    Timeout: 5000ms
    Error: element(s) not found

    Call log:
    [2m  - Expect "toBeVisible" with timeout 5000ms[22m
    [2m  - waiting for getByTestId('3d-book-cover').first()[22m


      43 |       await page.goto('http://localhost:3000').catch(() => {});
      44 |       const bookCover = page.getByTestId('3d-book-cover').first();
    > 45 |       await expect(bookCover).toBeVisible();
         |                               ^
      46 |     });
      47 |
      48 |     test('Clicking a 3D book cover triggers flip animation', async ({ page }) => {
        at /Users/akubird/.gemini/antigravity/scratch/teach-redesign/e2e/tier1/features-4-to-6.spec.ts:45:31

    Error Context: test-results/tier1-features-4-to-6-Tier-53d4f--are-visible-in-the-library-chromium/error-context.md


[1A[2K  6) [chromium] › e2e/tier1/features-4-to-6.spec.ts:22:5 › Tier 1: Milestone 2 (Features 4-6) › Feature 4: Thematic UI › Typography includes serif fonts for headings 

    Error: [2mexpect([22m[31mlocator[39m[2m).[22mtoHaveCSS[2m([22m[32mexpected[39m[2m)[22m failed

    Locator: locator('h1').first()
    Expected pattern: [32m/serif/i[39m
    Timeout: 5000ms
    Error: element(s) not found

    Call log:
    [2m  - Expect "toHaveCSS" with timeout 5000ms[22m
    [2m  - waiting for locator('h1').first()[22m


      23 |       await page.goto('http://localhost:3000').catch(() => {});
      24 |       const heading = page.locator('h1').first();
    > 25 |       await expect(heading).toHaveCSS('font-family', /serif/i);
         |                             ^
      26 |     });
      27 |
      28 |     test('Typography includes sans-serif fonts for UI elements', async ({ page }) => {
        at /Users/akubird/.gemini/antigravity/scratch/teach-redesign/e2e/tier1/features-4-to-6.spec.ts:25:29

    Error Context: test-results/tier1-features-4-to-6-Tier-d6423-es-serif-fonts-for-headings-chromium/error-context.md


[1A[2K[8/45] [chromium] › e2e/tier1/features-4-to-6.spec.ts:55:5 › Tier 1: Milestone 2 (Features 4-6) › Feature 5: 3D Book Covers & Flip-open animation › 3D book cover has correct ARIA roles
[1A[2K[9/45] [chromium] › e2e/tier1/features-4-to-6.spec.ts:61:5 › Tier 1: Milestone 2 (Features 4-6) › Feature 5: 3D Book Covers & Flip-open animation › Flip animation completes and navigates to book detail view
[1A[2K[10/45] [chromium] › e2e/tier1/features-4-to-6.spec.ts:69:5 › Tier 1: Milestone 2 (Features 4-6) › Feature 5: 3D Book Covers & Flip-open animation › 3D Book cover has appropriate inline styles or CSS for 3D transform
[1A[2K[11/45] [chromium] › e2e/tier1/features-4-to-6.spec.ts:101:5 › Tier 1: Milestone 2 (Features 4-6) › Feature 6: Book Detail Split-View (Source / Notes) › Split-view container uses flex or grid layout
[1A[2K[12/45] [chromium] › e2e/tier1/features-4-to-6.spec.ts:85:5 › Tier 1: Milestone 2 (Features 4-6) › Feature 6: Book Detail Split-View (Source / Notes) › Source pane is positioned to the left of the notes pane
[1A[2K[13/45] [chromium] › e2e/tier1/features-4-to-6.spec.ts:77:5 › Tier 1: Milestone 2 (Features 4-6) › Feature 6: Book Detail Split-View (Source / Notes) › Book detail view displays both source pane and notes pane
[1A[2K  7) [chromium] › e2e/tier1/features-4-to-6.spec.ts:48:5 › Tier 1: Milestone 2 (Features 4-6) › Feature 5: 3D Book Covers & Flip-open animation › Clicking a 3D book cover triggers flip animation 

    [31mTest timeout of 30000ms exceeded.[39m

    Error: expect.toHaveAttribute: Target page, context or browser has been closed

      50 |       const bookCover = page.getByTestId('3d-book-cover').first();
      51 |       await bookCover.click({ force: true }).catch(() => {});
    > 52 |       await expect(bookCover).toHaveAttribute('data-animation-state', 'flipping');
         |                               ^
      53 |     });
      54 |
      55 |     test('3D book cover has correct ARIA roles', async ({ page }) => {
        at /Users/akubird/.gemini/antigravity/scratch/teach-redesign/e2e/tier1/features-4-to-6.spec.ts:52:31

    Error Context: test-results/tier1-features-4-to-6-Tier-1cee6-ver-triggers-flip-animation-chromium/error-context.md


[1A[2K  8) [chromium] › e2e/tier1/features-4-to-6.spec.ts:61:5 › Tier 1: Milestone 2 (Features 4-6) › Feature 5: 3D Book Covers & Flip-open animation › Flip animation completes and navigates to book detail view 

    [31mTest timeout of 30000ms exceeded.[39m

    Error: expect.toBeVisible: Target page, context or browser has been closed

      64 |       await bookCover.click({ force: true }).catch(() => {});
      65 |       const detailView = page.getByTestId('book-detail-view');
    > 66 |       await expect(detailView).toBeVisible();
         |                                ^
      67 |     });
      68 |
      69 |     test('3D Book cover has appropriate inline styles or CSS for 3D transform', async ({ page }) => {
        at /Users/akubird/.gemini/antigravity/scratch/teach-redesign/e2e/tier1/features-4-to-6.spec.ts:66:32

    Error Context: test-results/tier1-features-4-to-6-Tier-890bc-vigates-to-book-detail-view-chromium/error-context.md


[1A[2K  9) [chromium] › e2e/tier1/features-4-to-6.spec.ts:55:5 › Tier 1: Milestone 2 (Features 4-6) › Feature 5: 3D Book Covers & Flip-open animation › 3D book cover has correct ARIA roles 

    Error: [2mexpect([22m[31mlocator[39m[2m).[22mtoHaveAttribute[2m([22m[32mexpected[39m[2m)[22m failed

    Locator: getByTestId('3d-book-cover').first()
    Expected: [32m"button"[39m
    Timeout: 5000ms
    Error: element(s) not found

    Call log:
    [2m  - Expect "toHaveAttribute" with timeout 5000ms[22m
    [2m  - waiting for getByTestId('3d-book-cover').first()[22m


      56 |       await page.goto('http://localhost:3000').catch(() => {});
      57 |       const bookCover = page.getByTestId('3d-book-cover').first();
    > 58 |       await expect(bookCover).toHaveAttribute('role', 'button');
         |                               ^
      59 |     });
      60 |
      61 |     test('Flip animation completes and navigates to book detail view', async ({ page }) => {
        at /Users/akubird/.gemini/antigravity/scratch/teach-redesign/e2e/tier1/features-4-to-6.spec.ts:58:31

    Error Context: test-results/tier1-features-4-to-6-Tier-ddc5c-over-has-correct-ARIA-roles-chromium/error-context.md


[1A[2K[14/45] [chromium] › e2e/tier1/features-4-to-6.spec.ts:108:5 › Tier 1: Milestone 2 (Features 4-6) › Feature 6: Book Detail Split-View (Source / Notes) › Source pane and notes pane are vertically aligned
[1A[2K  10) [chromium] › e2e/tier1/features-4-to-6.spec.ts:69:5 › Tier 1: Milestone 2 (Features 4-6) › Feature 5: 3D Book Covers & Flip-open animation › 3D Book cover has appropriate inline styles or CSS for 3D transform 

    Error: [2mexpect([22m[31mlocator[39m[2m).[22mtoHaveCSS[2m([22m[32mexpected[39m[2m)[22m failed

    Locator: getByTestId('3d-book-cover').first()
    Expected pattern: [32m/matrix3d|rotateY|perspective/[39m
    Timeout: 5000ms
    Error: element(s) not found

    Call log:
    [2m  - Expect "toHaveCSS" with timeout 5000ms[22m
    [2m  - waiting for getByTestId('3d-book-cover').first()[22m


      70 |       await page.goto('http://localhost:3000').catch(() => {});
      71 |       const bookCover = page.getByTestId('3d-book-cover').first();
    > 72 |       await expect(bookCover).toHaveCSS('transform', /matrix3d|rotateY|perspective/);
         |                               ^
      73 |     });
      74 |   });
      75 |
        at /Users/akubird/.gemini/antigravity/scratch/teach-redesign/e2e/tier1/features-4-to-6.spec.ts:72:31

    Error Context: test-results/tier1-features-4-to-6-Tier-88560-les-or-CSS-for-3D-transform-chromium/error-context.md


[1A[2K  11) [chromium] › e2e/tier1/features-4-to-6.spec.ts:77:5 › Tier 1: Milestone 2 (Features 4-6) › Feature 6: Book Detail Split-View (Source / Notes) › Book detail view displays both source pane and notes pane 

    Error: [2mexpect([22m[31mlocator[39m[2m).[22mtoBeVisible[2m([22m[2m)[22m failed

    Locator: getByTestId('source-pane')
    Expected: visible
    Timeout: 5000ms
    Error: element(s) not found

    Call log:
    [2m  - Expect "toBeVisible" with timeout 5000ms[22m
    [2m  - waiting for getByTestId('source-pane')[22m


      79 |       const sourcePane = page.getByTestId('source-pane');
      80 |       const notesPane = page.getByTestId('notes-pane');
    > 81 |       await expect(sourcePane).toBeVisible();
         |                                ^
      82 |       await expect(notesPane).toBeVisible();
      83 |     });
      84 |
        at /Users/akubird/.gemini/antigravity/scratch/teach-redesign/e2e/tier1/features-4-to-6.spec.ts:81:32

    Error Context: test-results/tier1-features-4-to-6-Tier-c9b1b--source-pane-and-notes-pane-chromium/error-context.md


[1A[2K[15/45] [chromium] › e2e/tier1/features-4-to-6.spec.ts:123:5 › Tier 1: Milestone 2 (Features 4-6) › Feature 6: Book Detail Split-View (Source / Notes) › Source pane has aria-label or specific semantic role
[1A[2K[16/45] [firefox] › e2e/tier1/features-4-to-6.spec.ts:6:5 › Tier 1: Milestone 2 (Features 4-6) › Feature 4: Thematic UI › Particle background is present
[1A[2K  12) [chromium] › e2e/tier1/features-4-to-6.spec.ts:85:5 › Tier 1: Milestone 2 (Features 4-6) › Feature 6: Book Detail Split-View (Source / Notes) › Source pane is positioned to the left of the notes pane 

    [31mTest timeout of 30000ms exceeded.[39m

    Error: locator._expect: Target page, context or browser has been closed

       95 |       } else {
       96 |         // Fallback assertion to make test logically complete even if boxes are null
    >  97 |         await expect(sourcePane).toBeVisible();
          |                                  ^
       98 |       }
       99 |     });
      100 |
        at /Users/akubird/.gemini/antigravity/scratch/teach-redesign/e2e/tier1/features-4-to-6.spec.ts:97:34

    Error Context: test-results/tier1-features-4-to-6-Tier-a2dd7--the-left-of-the-notes-pane-chromium/error-context.md


[1A[2K  13) [chromium] › e2e/tier1/features-4-to-6.spec.ts:101:5 › Tier 1: Milestone 2 (Features 4-6) › Feature 6: Book Detail Split-View (Source / Notes) › Split-view container uses flex or grid layout 

    [31mTest timeout of 30000ms exceeded.[39m

    Error: [2mexpect([22m[31mreceived[39m[2m).[22mtoContain[2m([22m[32mexpected[39m[2m) // indexOf[22m

    Expected value: [32m"none"[39m
    Received array: [31m["flex", "grid"][39m

      103 |       const detailView = page.getByTestId('book-detail-view');
      104 |       const display = await detailView.evaluate((el) => window.getComputedStyle(el).display).catch(() => 'none');
    > 105 |       expect(['flex', 'grid']).toContain(display);
          |                                ^
      106 |     });
      107 |
      108 |     test('Source pane and notes pane are vertically aligned', async ({ page }) => {
        at /Users/akubird/.gemini/antigravity/scratch/teach-redesign/e2e/tier1/features-4-to-6.spec.ts:105:32

    Error Context: test-results/tier1-features-4-to-6-Tier-e8186-er-uses-flex-or-grid-layout-chromium/error-context.md


[1A[2K[17/45] [firefox] › e2e/tier1/features-4-to-6.spec.ts:12:5 › Tier 1: Milestone 2 (Features 4-6) › Feature 4: Thematic UI › Dark mode background color is a gray shade, not pure black
[1A[2K[18/45] [firefox] › e2e/tier1/features-4-to-6.spec.ts:22:5 › Tier 1: Milestone 2 (Features 4-6) › Feature 4: Thematic UI › Typography includes serif fonts for headings
[1A[2K[19/45] [firefox] › e2e/tier1/features-4-to-6.spec.ts:34:5 › Tier 1: Milestone 2 (Features 4-6) › Feature 4: Thematic UI › Typography includes monospace fonts for code or specific data
[1A[2K[20/45] [firefox] › e2e/tier1/features-4-to-6.spec.ts:28:5 › Tier 1: Milestone 2 (Features 4-6) › Feature 4: Thematic UI › Typography includes sans-serif fonts for UI elements
[1A[2K  14) [chromium] › e2e/tier1/features-4-to-6.spec.ts:123:5 › Tier 1: Milestone 2 (Features 4-6) › Feature 6: Book Detail Split-View (Source / Notes) › Source pane has aria-label or specific semantic role 

    Error: [2mexpect([22m[31mlocator[39m[2m).[22mtoHaveAttribute[2m([22m[32mexpected[39m[2m)[22m failed

    Locator: getByTestId('source-pane')
    Expected pattern: [32m/source/i[39m
    Timeout: 5000ms
    Error: element(s) not found

    Call log:
    [2m  - Expect "toHaveAttribute" with timeout 5000ms[22m
    [2m  - waiting for getByTestId('source-pane')[22m


      125 |       const sourcePane = page.getByTestId('source-pane');
      126 |       // Relaxing strict matching to any string containing source
    > 127 |       await expect(sourcePane).toHaveAttribute('aria-label', /source/i);
          |                                ^
      128 |     });
      129 |   });
      130 | });
        at /Users/akubird/.gemini/antigravity/scratch/teach-redesign/e2e/tier1/features-4-to-6.spec.ts:127:32

    Error Context: test-results/tier1-features-4-to-6-Tier-5cb09-l-or-specific-semantic-role-chromium/error-context.md


[1A[2K  15) [chromium] › e2e/tier1/features-4-to-6.spec.ts:108:5 › Tier 1: Milestone 2 (Features 4-6) › Feature 6: Book Detail Split-View (Source / Notes) › Source pane and notes pane are vertically aligned 

    [31mTest timeout of 30000ms exceeded.[39m

    Error: locator._expect: Target page, context or browser has been closed

      117 |         expect(sourceBox.y).toBeCloseTo(notesBox.y, -1);
      118 |       } else {
    > 119 |         await expect(notesPane).toBeVisible();
          |                                 ^
      120 |       }
      121 |     });
      122 |
        at /Users/akubird/.gemini/antigravity/scratch/teach-redesign/e2e/tier1/features-4-to-6.spec.ts:119:33

    Error Context: test-results/tier1-features-4-to-6-Tier-d7dde-pane-are-vertically-aligned-chromium/error-context.md


[1A[2K[21/45] [firefox] › e2e/tier1/features-4-to-6.spec.ts:42:5 › Tier 1: Milestone 2 (Features 4-6) › Feature 5: 3D Book Covers & Flip-open animation › 3D Book covers are visible in the library
[1A[2K[22/45] [firefox] › e2e/tier1/features-4-to-6.spec.ts:48:5 › Tier 1: Milestone 2 (Features 4-6) › Feature 5: 3D Book Covers & Flip-open animation › Clicking a 3D book cover triggers flip animation
[1A[2K  16) [firefox] › e2e/tier1/features-4-to-6.spec.ts:6:5 › Tier 1: Milestone 2 (Features 4-6) › Feature 4: Thematic UI › Particle background is present 

    [31mTest timeout of 30000ms exceeded.[39m

    Error: [2mexpect([22m[31mlocator[39m[2m).[22mtoBeVisible[2m([22m[2m)[22m failed

    Locator:  getByTestId('particle-background')
    Expected: visible
    Received: undefined
    Timeout:  5000ms

    Call log:
    [2m  - Expect "toBeVisible" with timeout 5000ms[22m
    [2m  - waiting for getByTestId('particle-background')[22m
    [2m    - waiting for navigation to finish...[22m
    [2m    - navigated to "http://localhost:3000/"[22m


       7 |       await page.goto('http://localhost:3000');
       8 |       const background = page.getByTestId('particle-background');
    >  9 |       await expect(background).toBeVisible();
         |                                ^
      10 |     });
      11 |
      12 |     test('Dark mode background color is a gray shade, not pure black', async ({ page }) => {
        at /Users/akubird/.gemini/antigravity/scratch/teach-redesign/e2e/tier1/features-4-to-6.spec.ts:9:32

    Error Context: test-results/tier1-features-4-to-6-Tier-9bddb-ticle-background-is-present-firefox/error-context.md


[1A[2K  17) [firefox] › e2e/tier1/features-4-to-6.spec.ts:12:5 › Tier 1: Milestone 2 (Features 4-6) › Feature 4: Thematic UI › Dark mode background color is a gray shade, not pure black 

    [31mTest timeout of 30000ms exceeded.[39m

    Error: [2mexpect([22m[31mlocator[39m[2m).[22mtoHaveCSS[2m([22m[32mexpected[39m[2m)[22m failed

    Locator: locator('body')
    Expected pattern: [32m/rgba?\(.*[1-9].*\)/[39m
    Received string:  [31m"rgba(0, 0, 0, 0)"[39m
    Timeout: 5000ms

    Call log:
    [2m  - Expect "toHaveCSS" with timeout 5000ms[22m
    [2m  - waiting for locator('body')[22m
    [2m    - waiting for navigation to finish...[22m
    [2m    - navigated to "http://localhost:3000/"[22m
    [2m    - locator resolved to <body class="felt-privacy-body">…</body>[22m
    [2m    - unexpected value "rgba(0, 0, 0, 0)"[22m


      13 |       await page.goto('http://localhost:3000');
      14 |       const body = page.locator('body');
    > 15 |       await expect(body).toBeVisible();
         |                          ^
      16 |       const bg = await body.evaluate((el) => window.getComputedStyle(el).backgroundColor);
      17 |       expect(bg).not.toBe('rgb(0, 0, 0)');
      18 |       expect(bg).not.toBe('rgba(0, 0, 0, 1)');
        at /Users/akubird/.gemini/antigravity/scratch/teach-redesign/e2e/tier1/features-4-to-6.spec.ts:15:26

    Error Context: test-results/tier1-features-4-to-6-Tier-6524e-a-gray-shade-not-pure-black-firefox/error-context.md


[1A[2K  18) [firefox] › e2e/tier1/features-4-to-6.spec.ts:22:5 › Tier 1: Milestone 2 (Features 4-6) › Feature 4: Thematic UI › Typography includes serif fonts for headings 

    [31mTest timeout of 30000ms exceeded while setting up "page".[39m

    Error Context: test-results/tier1-features-4-to-6-Tier-d6423-es-serif-fonts-for-headings-firefox/error-context.md


[1A[2K  19) [firefox] › e2e/tier1/features-4-to-6.spec.ts:28:5 › Tier 1: Milestone 2 (Features 4-6) › Feature 4: Thematic UI › Typography includes sans-serif fonts for UI elements 

    [31mTest timeout of 30000ms exceeded while setting up "page".[39m

    Error Context: test-results/tier1-features-4-to-6-Tier-1d7b0-serif-fonts-for-UI-elements-firefox/error-context.md


[1A[2K[23/45] [firefox] › e2e/tier1/features-4-to-6.spec.ts:55:5 › Tier 1: Milestone 2 (Features 4-6) › Feature 5: 3D Book Covers & Flip-open animation › 3D book cover has correct ARIA roles
[1A[2K  20) [firefox] › e2e/tier1/features-4-to-6.spec.ts:34:5 › Tier 1: Milestone 2 (Features 4-6) › Feature 4: Thematic UI › Typography includes monospace fonts for code or specific data 

    [31mTest timeout of 30000ms exceeded while setting up "page".[39m

    Error Context: test-results/tier1-features-4-to-6-Tier-3304d-s-for-code-or-specific-data-firefox/error-context.md


[1A[2K[24/45] [firefox] › e2e/tier1/features-4-to-6.spec.ts:61:5 › Tier 1: Milestone 2 (Features 4-6) › Feature 5: 3D Book Covers & Flip-open animation › Flip animation completes and navigates to book detail view
[1A[2K[25/45] [firefox] › e2e/tier1/features-4-to-6.spec.ts:77:5 › Tier 1: Milestone 2 (Features 4-6) › Feature 6: Book Detail Split-View (Source / Notes) › Book detail view displays both source pane and notes pane
[1A[2K[26/45] [firefox] › e2e/tier1/features-4-to-6.spec.ts:69:5 › Tier 1: Milestone 2 (Features 4-6) › Feature 5: 3D Book Covers & Flip-open animation › 3D Book cover has appropriate inline styles or CSS for 3D transform
[1A[2K[27/45] [firefox] › e2e/tier1/features-4-to-6.spec.ts:85:5 › Tier 1: Milestone 2 (Features 4-6) › Feature 6: Book Detail Split-View (Source / Notes) › Source pane is positioned to the left of the notes pane
[1A[2K  21) [firefox] › e2e/tier1/features-4-to-6.spec.ts:42:5 › Tier 1: Milestone 2 (Features 4-6) › Feature 5: 3D Book Covers & Flip-open animation › 3D Book covers are visible in the library 

    Error: [2mexpect([22m[31mlocator[39m[2m).[22mtoBeVisible[2m([22m[2m)[22m failed

    Locator: getByTestId('3d-book-cover').first()
    Expected: visible
    Timeout: 5000ms
    Error: element(s) not found

    Call log:
    [2m  - Expect "toBeVisible" with timeout 5000ms[22m
    [2m  - waiting for getByTestId('3d-book-cover').first()[22m
    [2m    - waiting for navigation to finish...[22m
    [2m    - navigated to "http://localhost:3000/"[22m


      43 |       await page.goto('http://localhost:3000');
      44 |       const greeting = page.getByText('How may I assist your studies today?');
    > 45 |       await expect(greeting).toBeVisible();
         |                               ^
      46 |     });
      47 |   });
      48 |
        at /Users/akubird/.gemini/antigravity/scratch/teach-redesign/e2e/tier1/features-4-to-6.spec.ts:45:31

    Error Context: test-results/tier1-features-4-to-6-Tier-53d4f--are-visible-in-the-library-firefox/error-context.md


[1A[2K[28/45] [firefox] › e2e/tier1/features-4-to-6.spec.ts:101:5 › Tier 1: Milestone 2 (Features 4-6) › Feature 6: Book Detail Split-View (Source / Notes) › Split-view container uses flex or grid layout
[1A[2K  22) [firefox] › e2e/tier1/features-4-to-6.spec.ts:55:5 › Tier 1: Milestone 2 (Features 4-6) › Feature 5: 3D Book Covers & Flip-open animation › 3D book cover has correct ARIA roles 

    Error: [2mexpect([22m[31mlocator[39m[2m).[22mtoHaveAttribute[2m([22m[32mexpected[39m[2m)[22m failed

    Locator: getByTestId('3d-book-cover').first()
    Expected: [32m"button"[39m
    Timeout: 5000ms
    Error: element(s) not found

    Call log:
    [2m  - Expect "toHaveAttribute" with timeout 5000ms[22m
    [2m  - waiting for getByTestId('3d-book-cover').first()[22m
    [2m    - waiting for navigation to finish...[22m
    [2m    - navigated to "http://localhost:3000/"[22m


      56 |     test('Cover topic is rendered on the book cover', async ({ page }) => {
      57 |       await page.goto('http://localhost:3000');
    > 58 |       const coverTopic = page.getByTestId('cover-topic').first();
         |                               ^
      59 |       await expect(coverTopic).toBeVisible();
      60 |     });
      61 |
        at /Users/akubird/.gemini/antigravity/scratch/teach-redesign/e2e/tier1/features-4-to-6.spec.ts:58:31

    Error Context: test-results/tier1-features-4-to-6-Tier-ddc5c-over-has-correct-ARIA-roles-firefox/error-context.md


[1A[2K  23) [firefox] › e2e/tier1/features-4-to-6.spec.ts:48:5 › Tier 1: Milestone 2 (Features 4-6) › Feature 5: 3D Book Covers & Flip-open animation › Clicking a 3D book cover triggers flip animation 

    [31mTest timeout of 30000ms exceeded.[39m

    Error: expect.toHaveAttribute: Target page, context or browser has been closed

      50 |     test('3D Book covers are visible in the library', async ({ page }) => {
      51 |       await page.goto('http://localhost:3000');
    > 52 |       const bookCover = page.getByTestId('3d-book-cover').first();
         |                               ^
      53 |       await expect(bookCover).toBeVisible();
      54 |     });
      55 |
        at /Users/akubird/.gemini/antigravity/scratch/teach-redesign/e2e/tier1/features-4-to-6.spec.ts:52:31

    Error Context: test-results/tier1-features-4-to-6-Tier-1cee6-ver-triggers-flip-animation-firefox/error-context.md


[1A[2K  24) [firefox] › e2e/tier1/features-4-to-6.spec.ts:77:5 › Tier 1: Milestone 2 (Features 4-6) › Feature 6: Book Detail Split-View (Source / Notes) › Book detail view displays both source pane and notes pane 

    Error: [2mexpect([22m[31mlocator[39m[2m).[22mtoBeVisible[2m([22m[2m)[22m failed

    Locator:  getByTestId('source-pane')
    Expected: visible
    Received: undefined
    Timeout:  5000ms

    Call log:
    [2m  - Expect "toBeVisible" with timeout 5000ms[22m
    [2m  - waiting for getByTestId('source-pane')[22m
    [2m    - waiting for navigation to finish...[22m
    [2m    - navigated to "http://localhost:3000/"[22m


      79 |       const bookCover = page.getByTestId('3d-book-cover').first();
      80 |       await expect(bookCover).toBeVisible();
    > 81 |       await bookCover.click({ force: true });
         |                                ^
      82 |       const detailView = page.getByTestId('book-detail-view');
      83 |       await expect(detailView).toBeVisible();
      84 |     });
        at /Users/akubird/.gemini/antigravity/scratch/teach-redesign/e2e/tier1/features-4-to-6.spec.ts:81:32

    Error Context: test-results/tier1-features-4-to-6-Tier-c9b1b--source-pane-and-notes-pane-firefox/error-context.md


[1A[2K  25) [firefox] › e2e/tier1/features-4-to-6.spec.ts:69:5 › Tier 1: Milestone 2 (Features 4-6) › Feature 5: 3D Book Covers & Flip-open animation › 3D Book cover has appropriate inline styles or CSS for 3D transform 

    Error: [2mexpect([22m[31mlocator[39m[2m).[22mtoHaveCSS[2m([22m[32mexpected[39m[2m)[22m failed

    Locator: getByTestId('3d-book-cover').first()
    Expected pattern: [32m/matrix3d|rotateY|perspective/[39m
    Received string:  [31m""[39m
    Timeout: 5000ms

    Call log:
    [2m  - Expect "toHaveCSS" with timeout 5000ms[22m
    [2m  - waiting for getByTestId('3d-book-cover').first()[22m
    [2m    - waiting for navigation to finish...[22m
    [2m    - navigated to "http://localhost:3000/"[22m


      70 |     test('3D book cover has correct ARIA roles', async ({ page }) => {
      71 |       await page.goto('http://localhost:3000');
    > 72 |       const bookCover = page.getByTestId('3d-book-cover').first();
         |                               ^
      73 |       await expect(bookCover).toBeVisible();
      74 |       await expect(bookCover).toHaveAttribute('role', 'button');
      75 |     });
        at /Users/akubird/.gemini/antigravity/scratch/teach-redesign/e2e/tier1/features-4-to-6.spec.ts:72:31

    Error Context: test-results/tier1-features-4-to-6-Tier-88560-les-or-CSS-for-3D-transform-firefox/error-context.md


[1A[2K[29/45] [firefox] › e2e/tier1/features-4-to-6.spec.ts:108:5 › Tier 1: Milestone 2 (Features 4-6) › Feature 6: Book Detail Split-View (Source / Notes) › Source pane and notes pane are vertically aligned
[1A[2K[30/45] [firefox] › e2e/tier1/features-4-to-6.spec.ts:123:5 › Tier 1: Milestone 2 (Features 4-6) › Feature 6: Book Detail Split-View (Source / Notes) › Source pane has aria-label or specific semantic role
[1A[2K  26) [firefox] › e2e/tier1/features-4-to-6.spec.ts:61:5 › Tier 1: Milestone 2 (Features 4-6) › Feature 5: 3D Book Covers & Flip-open animation › Flip animation completes and navigates to book detail view 

    [31mTest timeout of 30000ms exceeded.[39m

    Error: expect.toBeVisible: Target page, context or browser has been closed

      64 |       const bookCover = page.getByTestId('3d-book-cover').first();
      65 |       await expect(bookCover).toBeVisible();
    > 66 |       await bookCover.click({ force: true });
         |                                ^
      67 |       await expect(bookCover).toHaveAttribute('data-animation-state', 'flipping');
      68 |     });
      69 |
        at /Users/akubird/.gemini/antigravity/scratch/teach-redesign/e2e/tier1/features-4-to-6.spec.ts:66:32

    Error Context: test-results/tier1-features-4-to-6-Tier-890bc-vigates-to-book-detail-view-firefox/error-context.md


[1A[2K[31/45] [webkit] › e2e/tier1/features-4-to-6.spec.ts:6:5 › Tier 1: Milestone 2 (Features 4-6) › Feature 4: Thematic UI › Particle background is present
[1A[2K  27) [firefox] › e2e/tier1/features-4-to-6.spec.ts:85:5 › Tier 1: Milestone 2 (Features 4-6) › Feature 6: Book Detail Split-View (Source / Notes) › Source pane is positioned to the left of the notes pane 

    [31mTest timeout of 30000ms exceeded.[39m

    Error: expect.toBeVisible: Target page, context or browser has been closed

       95 |     test('Book detail view displays both source pane and notes pane', async ({ page }) => {
       96 |       await page.goto('http://localhost:3000');
    >  97 |       const sourcePane = page.getByTestId('source-pane');
          |                                  ^
       98 |       const notesPane = page.getByTestId('notes-pane');
       99 |       await expect(sourcePane).toBeVisible();
      100 |       await expect(notesPane).toBeVisible();
        at /Users/akubird/.gemini/antigravity/scratch/teach-redesign/e2e/tier1/features-4-to-6.spec.ts:97:34

    Error Context: test-results/tier1-features-4-to-6-Tier-a2dd7--the-left-of-the-notes-pane-firefox/error-context.md


[1A[2K[32/45] [webkit] › e2e/tier1/features-4-to-6.spec.ts:12:5 › Tier 1: Milestone 2 (Features 4-6) › Feature 4: Thematic UI › Dark mode background color is a gray shade, not pure black
[1A[2K[33/45] [webkit] › e2e/tier1/features-4-to-6.spec.ts:22:5 › Tier 1: Milestone 2 (Features 4-6) › Feature 4: Thematic UI › Typography includes serif fonts for headings
[1A[2K  28) [webkit] › e2e/tier1/features-4-to-6.spec.ts:6:5 › Tier 1: Milestone 2 (Features 4-6) › Feature 4: Thematic UI › Particle background is present 

    Error: [2mexpect([22m[31mlocator[39m[2m).[22mtoBeVisible[2m([22m[2m)[22m failed

    Locator: getByTestId('particle-background')
    Expected: visible
    Timeout: 5000ms
    Error: element(s) not found

    Call log:
    [2m  - Expect "toBeVisible" with timeout 5000ms[22m
    [2m  - waiting for getByTestId('particle-background')[22m


       7 |       await page.goto('http://localhost:3000');
       8 |       const background = page.getByTestId('particle-background');
    >  9 |       await expect(background).toBeVisible();
         |                                ^
      10 |     });
      11 |
      12 |     test('Dark mode background color is a gray shade, not pure black', async ({ page }) => {
        at /Users/akubird/.gemini/antigravity/scratch/teach-redesign/e2e/tier1/features-4-to-6.spec.ts:9:32

    Error Context: test-results/tier1-features-4-to-6-Tier-9bddb-ticle-background-is-present-webkit/error-context.md


[1A[2K[34/45] [webkit] › e2e/tier1/features-4-to-6.spec.ts:28:5 › Tier 1: Milestone 2 (Features 4-6) › Feature 4: Thematic UI › Typography includes sans-serif fonts for UI elements
[1A[2K  29) [webkit] › e2e/tier1/features-4-to-6.spec.ts:12:5 › Tier 1: Milestone 2 (Features 4-6) › Feature 4: Thematic UI › Dark mode background color is a gray shade, not pure black 

    Error: [2mexpect([22m[31mlocator[39m[2m).[22mtoHaveCSS[2m([22m[32mexpected[39m[2m)[22m failed

    Locator: locator('body')
    Expected pattern: [32m/rgba?\(.*[1-9].*\)/[39m
    Received string:  [31m"rgba(0, 0, 0, 0)"[39m
    Timeout: 5000ms

    Call log:
    [2m  - Expect "toHaveCSS" with timeout 5000ms[22m
    [2m  - waiting for locator('body')[22m
    [2m    13 × locator resolved to <body></body>[22m
    [2m       - unexpected value "rgba(0, 0, 0, 0)"[22m


      13 |       await page.goto('http://localhost:3000');
      14 |       const body = page.locator('body');
    > 15 |       await expect(body).toBeVisible();
         |                          ^
      16 |       const bg = await body.evaluate((el) => window.getComputedStyle(el).backgroundColor);
      17 |       expect(bg).not.toBe('rgb(0, 0, 0)');
      18 |       expect(bg).not.toBe('rgba(0, 0, 0, 1)');
        at /Users/akubird/.gemini/antigravity/scratch/teach-redesign/e2e/tier1/features-4-to-6.spec.ts:15:26

    Error Context: test-results/tier1-features-4-to-6-Tier-6524e-a-gray-shade-not-pure-black-webkit/error-context.md


[1A[2K  30) [webkit] › e2e/tier1/features-4-to-6.spec.ts:22:5 › Tier 1: Milestone 2 (Features 4-6) › Feature 4: Thematic UI › Typography includes serif fonts for headings 

    Error: [2mexpect([22m[31mlocator[39m[2m).[22mtoHaveCSS[2m([22m[32mexpected[39m[2m)[22m failed

    Locator: locator('h1').first()
    Expected pattern: [32m/serif/i[39m
    Timeout: 5000ms
    Error: element(s) not found

    Call log:
    [2m  - Expect "toHaveCSS" with timeout 5000ms[22m
    [2m  - waiting for locator('h1').first()[22m


      23 |       const heading = page.getByTestId('heading').first();
      24 |       await expect(heading).toBeVisible();
    > 25 |       await expect(heading).toHaveCSS('font-family', /serif/i);
         |                             ^
      26 |     });
      27 |
      28 |     test('Typography includes sans-serif fonts for UI elements', async ({ page }) => {
        at /Users/akubird/.gemini/antigravity/scratch/teach-redesign/e2e/tier1/features-4-to-6.spec.ts:25:29

    Error Context: test-results/tier1-features-4-to-6-Tier-d6423-es-serif-fonts-for-headings-webkit/error-context.md


[1A[2K[35/45] [webkit] › e2e/tier1/features-4-to-6.spec.ts:34:5 › Tier 1: Milestone 2 (Features 4-6) › Feature 4: Thematic UI › Typography includes monospace fonts for code or specific data
[1A[2K  31) [webkit] › e2e/tier1/features-4-to-6.spec.ts:28:5 › Tier 1: Milestone 2 (Features 4-6) › Feature 4: Thematic UI › Typography includes sans-serif fonts for UI elements 

    Error: [2mexpect([22m[31mlocator[39m[2m).[22mtoHaveCSS[2m([22m[32mexpected[39m[2m)[22m failed

    Locator: getByTestId('sidebar')
    Expected pattern: [32m/sans-serif/i[39m
    Timeout: 5000ms
    Error: element(s) not found

    Call log:
    [2m  - Expect "toHaveCSS" with timeout 5000ms[22m
    [2m  - waiting for getByTestId('sidebar')[22m


      29 |       await page.goto('http://localhost:3000');
      30 |       const sidebar = page.getByTestId('sidebar');
    > 31 |       await expect(sidebar).toBeVisible();
         |                             ^
      32 |       await expect(sidebar).toHaveCSS('font-family', /sans-serif/i);
      33 |     });
      34 |
        at /Users/akubird/.gemini/antigravity/scratch/teach-redesign/e2e/tier1/features-4-to-6.spec.ts:31:29

    Error Context: test-results/tier1-features-4-to-6-Tier-1d7b0-serif-fonts-for-UI-elements-webkit/error-context.md


[1A[2K[36/45] [webkit] › e2e/tier1/features-4-to-6.spec.ts:42:5 › Tier 1: Milestone 2 (Features 4-6) › Feature 5: 3D Book Covers & Flip-open animation › 3D Book covers are visible in the library
[1A[2K[37/45] [webkit] › e2e/tier1/features-4-to-6.spec.ts:48:5 › Tier 1: Milestone 2 (Features 4-6) › Feature 5: 3D Book Covers & Flip-open animation › Clicking a 3D book cover triggers flip animation
[1A[2K  32) [webkit] › e2e/tier1/features-4-to-6.spec.ts:34:5 › Tier 1: Milestone 2 (Features 4-6) › Feature 4: Thematic UI › Typography includes monospace fonts for code or specific data 

    Error: [2mexpect([22m[31mlocator[39m[2m).[22mtoHaveCSS[2m([22m[32mexpected[39m[2m)[22m failed

    Locator: locator('code').first()
    Expected pattern: [32m/monospace/i[39m
    Timeout: 5000ms
    Error: element(s) not found

    Call log:
    [2m  - Expect "toHaveCSS" with timeout 5000ms[22m
    [2m  - waiting for locator('code').first()[22m


      35 |     test('Typography includes monospace fonts for code or specific data', async ({ page }) => {
      36 |       await page.goto('http://localhost:3000');
    > 37 |       const codeBlock = page.getByTestId('code-block').first();
         |                               ^
      38 |       await expect(codeBlock).toBeVisible();
      39 |       await expect(codeBlock).toHaveCSS('font-family', /monospace/i);
      40 |     });
        at /Users/akubird/.gemini/antigravity/scratch/teach-redesign/e2e/tier1/features-4-to-6.spec.ts:37:31

    Error Context: test-results/tier1-features-4-to-6-Tier-3304d-s-for-code-or-specific-data-webkit/error-context.md


[1A[2K[38/45] [webkit] › e2e/tier1/features-4-to-6.spec.ts:55:5 › Tier 1: Milestone 2 (Features 4-6) › Feature 5: 3D Book Covers & Flip-open animation › 3D book cover has correct ARIA roles
[1A[2K  33) [webkit] › e2e/tier1/features-4-to-6.spec.ts:42:5 › Tier 1: Milestone 2 (Features 4-6) › Feature 5: 3D Book Covers & Flip-open animation › 3D Book covers are visible in the library 

    Error: [2mexpect([22m[31mlocator[39m[2m).[22mtoBeVisible[2m([22m[2m)[22m failed

    Locator: getByTestId('3d-book-cover').first()
    Expected: visible
    Timeout: 5000ms
    Error: element(s) not found

    Call log:
    [2m  - Expect "toBeVisible" with timeout 5000ms[22m
    [2m  - waiting for getByTestId('3d-book-cover').first()[22m


      43 |       await page.goto('http://localhost:3000');
      44 |       const greeting = page.getByText('How may I assist your studies today?');
    > 45 |       await expect(greeting).toBeVisible();
         |                               ^
      46 |     });
      47 |   });
      48 |
        at /Users/akubird/.gemini/antigravity/scratch/teach-redesign/e2e/tier1/features-4-to-6.spec.ts:45:31

    Error Context: test-results/tier1-features-4-to-6-Tier-53d4f--are-visible-in-the-library-webkit/error-context.md


[1A[2K  34) [webkit] › e2e/tier1/features-4-to-6.spec.ts:48:5 › Tier 1: Milestone 2 (Features 4-6) › Feature 5: 3D Book Covers & Flip-open animation › Clicking a 3D book cover triggers flip animation 

    Error: page.goto: Could not connect to the server.
    Call log:
    [2m  - navigating to "http://localhost:3000/", waiting until "load"[22m


      61 |
      62 |     test('Clicking a 3D book cover triggers flip animation', async ({ page }) => {
    > 63 |       await page.goto('http://localhost:3000');
         |                  ^
      64 |       const bookCover = page.getByTestId('3d-book-cover').first();
      65 |       await expect(bookCover).toBeVisible();
      66 |       await bookCover.click({ force: true });
        at /Users/akubird/.gemini/antigravity/scratch/teach-redesign/e2e/tier1/features-4-to-6.spec.ts:63:18

    Error Context: test-results/tier1-features-4-to-6-Tier-1cee6-ver-triggers-flip-animation-webkit/error-context.md


[1A[2K  35) [webkit] › e2e/tier1/features-4-to-6.spec.ts:55:5 › Tier 1: Milestone 2 (Features 4-6) › Feature 5: 3D Book Covers & Flip-open animation › 3D book cover has correct ARIA roles 

    Error: page.goto: Could not connect to the server.
    Call log:
    [2m  - navigating to "http://localhost:3000/", waiting until "load"[22m


      69 |
      70 |     test('3D book cover has correct ARIA roles', async ({ page }) => {
    > 71 |       await page.goto('http://localhost:3000');
         |                  ^
      72 |       const bookCover = page.getByTestId('3d-book-cover').first();
      73 |       await expect(bookCover).toBeVisible();
      74 |       await expect(bookCover).toHaveAttribute('role', 'button');
        at /Users/akubird/.gemini/antigravity/scratch/teach-redesign/e2e/tier1/features-4-to-6.spec.ts:71:18

    Error Context: test-results/tier1-features-4-to-6-Tier-ddc5c-over-has-correct-ARIA-roles-webkit/error-context.md


[1A[2K  36) [firefox] › e2e/tier1/features-4-to-6.spec.ts:101:5 › Tier 1: Milestone 2 (Features 4-6) › Feature 6: Book Detail Split-View (Source / Notes) › Split-view container uses flex or grid layout 

    [31mTest timeout of 30000ms exceeded.[39m

    Error: [2mexpect([22m[31mreceived[39m[2m).[22mtoContain[2m([22m[32mexpected[39m[2m) // indexOf[22m

    Expected value: [32m"none"[39m
    Received array: [31m["flex", "grid"][39m

      103 |     test('Source pane is positioned to the left of the notes pane', async ({ page }) => {
      104 |       await page.goto('http://localhost:3000');
    > 105 |       const sourcePane = page.getByTestId('source-pane');
          |                                ^
      106 |       const notesPane = page.getByTestId('notes-pane');
      107 |       
      108 |       await expect(sourcePane).toBeVisible();
        at /Users/akubird/.gemini/antigravity/scratch/teach-redesign/e2e/tier1/features-4-to-6.spec.ts:105:32

    Error Context: test-results/tier1-features-4-to-6-Tier-e8186-er-uses-flex-or-grid-layout-firefox/error-context.md


[1A[2K[39/45] [webkit] › e2e/tier1/features-4-to-6.spec.ts:61:5 › Tier 1: Milestone 2 (Features 4-6) › Feature 5: 3D Book Covers & Flip-open animation › Flip animation completes and navigates to book detail view
[1A[2K[40/45] [webkit] › e2e/tier1/features-4-to-6.spec.ts:77:5 › Tier 1: Milestone 2 (Features 4-6) › Feature 6: Book Detail Split-View (Source / Notes) › Book detail view displays both source pane and notes pane
[1A[2K  37) [firefox] › e2e/tier1/features-4-to-6.spec.ts:123:5 › Tier 1: Milestone 2 (Features 4-6) › Feature 6: Book Detail Split-View (Source / Notes) › Source pane has aria-label or specific semantic role 

    Error: [2mexpect([22m[31mlocator[39m[2m).[22mtoHaveAttribute[2m([22m[32mexpected[39m[2m)[22m failed

    Locator: getByTestId('source-pane')
    Expected pattern: [32m/source/i[39m
    Timeout: 5000ms
    Error: element(s) not found

    Call log:
    [2m  - Expect "toHaveAttribute" with timeout 5000ms[22m
    [2m  - waiting for getByTestId('source-pane')[22m
    [2m    - waiting for navigation to finish...[22m
    [2m    - navigated to "http://localhost:3000/"[22m


      125 |       await expect(detailView).toBeVisible();
      126 |       await expect(detailView).toHaveCSS('display', /flex|grid/);
    > 127 |     });
          |        ^
      128 |
      129 |     test('Source pane and notes pane are vertically aligned', async ({ page }) => {
      130 |       await page.goto('http://localhost:3000');
        at /Users/akubird/.gemini/antigravity/scratch/teach-redesign/e2e/tier1/features-4-to-6.spec.ts:127:32

    Error Context: test-results/tier1-features-4-to-6-Tier-5cb09-l-or-specific-semantic-role-firefox/error-context.md


[1A[2K[41/45] [webkit] › e2e/tier1/features-4-to-6.spec.ts:69:5 › Tier 1: Milestone 2 (Features 4-6) › Feature 5: 3D Book Covers & Flip-open animation › 3D Book cover has appropriate inline styles or CSS for 3D transform
[1A[2K  38) [webkit] › e2e/tier1/features-4-to-6.spec.ts:61:5 › Tier 1: Milestone 2 (Features 4-6) › Feature 5: 3D Book Covers & Flip-open animation › Flip animation completes and navigates to book detail view 

    Error: page.goto: Could not connect to the server.
    Call log:
    [2m  - navigating to "http://localhost:3000/", waiting until "load"[22m


      76 |
      77 |     test('Flip animation completes and navigates to book detail view', async ({ page }) => {
    > 78 |       await page.goto('http://localhost:3000');
         |                  ^
      79 |       const bookCover = page.getByTestId('3d-book-cover').first();
      80 |       await expect(bookCover).toBeVisible();
      81 |       await bookCover.click({ force: true });
        at /Users/akubird/.gemini/antigravity/scratch/teach-redesign/e2e/tier1/features-4-to-6.spec.ts:78:18

    Error Context: test-results/tier1-features-4-to-6-Tier-890bc-vigates-to-book-detail-view-webkit/error-context.md


[1A[2K[42/45] [webkit] › e2e/tier1/features-4-to-6.spec.ts:85:5 › Tier 1: Milestone 2 (Features 4-6) › Feature 6: Book Detail Split-View (Source / Notes) › Source pane is positioned to the left of the notes pane
[1A[2K  39) [webkit] › e2e/tier1/features-4-to-6.spec.ts:77:5 › Tier 1: Milestone 2 (Features 4-6) › Feature 6: Book Detail Split-View (Source / Notes) › Book detail view displays both source pane and notes pane 

    Error: page.goto: Could not connect to the server.
    Call log:
    [2m  - navigating to "http://localhost:3000/", waiting until "load"[22m


      94 |   test.describe('Feature 6: Book Detail Split-View (Source / Notes)', () => {
      95 |     test('Book detail view displays both source pane and notes pane', async ({ page }) => {
    > 96 |       await page.goto('http://localhost:3000');
         |                  ^
      97 |       const sourcePane = page.getByTestId('source-pane');
      98 |       const notesPane = page.getByTestId('notes-pane');
      99 |       await expect(sourcePane).toBeVisible();
        at /Users/akubird/.gemini/antigravity/scratch/teach-redesign/e2e/tier1/features-4-to-6.spec.ts:96:18

    Error Context: test-results/tier1-features-4-to-6-Tier-c9b1b--source-pane-and-notes-pane-webkit/error-context.md


[1A[2K[43/45] [webkit] › e2e/tier1/features-4-to-6.spec.ts:101:5 › Tier 1: Milestone 2 (Features 4-6) › Feature 6: Book Detail Split-View (Source / Notes) › Split-view container uses flex or grid layout
[1A[2K  40) [webkit] › e2e/tier1/features-4-to-6.spec.ts:69:5 › Tier 1: Milestone 2 (Features 4-6) › Feature 5: 3D Book Covers & Flip-open animation › 3D Book cover has appropriate inline styles or CSS for 3D transform 

    Error: page.goto: Could not connect to the server.
    Call log:
    [2m  - navigating to "http://localhost:3000/", waiting until "load"[22m


      85 |
      86 |     test('3D Book cover has appropriate inline styles or CSS for 3D transform', async ({ page }) => {
    > 87 |       await page.goto('http://localhost:3000');
         |                  ^
      88 |       const bookCover = page.getByTestId('3d-book-cover').first();
      89 |       await expect(bookCover).toBeVisible();
      90 |       await expect(bookCover).toHaveCSS('transform', /matrix3d|rotateY|perspective/);
        at /Users/akubird/.gemini/antigravity/scratch/teach-redesign/e2e/tier1/features-4-to-6.spec.ts:87:18

    Error Context: test-results/tier1-features-4-to-6-Tier-88560-les-or-CSS-for-3D-transform-webkit/error-context.md


[1A[2K  41) [firefox] › e2e/tier1/features-4-to-6.spec.ts:108:5 › Tier 1: Milestone 2 (Features 4-6) › Feature 6: Book Detail Split-View (Source / Notes) › Source pane and notes pane are vertically aligned 

    [31mTest timeout of 30000ms exceeded.[39m

    Error: locator._expect: Target page, context or browser has been closed

      117 |       if (sourceBox && notesBox) {
      118 |         expect(sourceBox.x + sourceBox.width).toBeLessThanOrEqual(notesBox.x);
    > 119 |       }
          |        ^
      120 |     });
      121 |
      122 |     test('Split-view container uses flex or grid layout', async ({ page }) => {
        at /Users/akubird/.gemini/antigravity/scratch/teach-redesign/e2e/tier1/features-4-to-6.spec.ts:119:33

    Error Context: test-results/tier1-features-4-to-6-Tier-d7dde-pane-are-vertically-aligned-firefox/error-context.md


[1A[2K  42) [webkit] › e2e/tier1/features-4-to-6.spec.ts:85:5 › Tier 1: Milestone 2 (Features 4-6) › Feature 6: Book Detail Split-View (Source / Notes) › Source pane is positioned to the left of the notes pane 

    Error: page.goto: Could not connect to the server.
    Call log:
    [2m  - navigating to "http://localhost:3000/", waiting until "load"[22m


      102 |
      103 |     test('Source pane is positioned to the left of the notes pane', async ({ page }) => {
    > 104 |       await page.goto('http://localhost:3000');
          |                  ^
      105 |       const sourcePane = page.getByTestId('source-pane');
      106 |       const notesPane = page.getByTestId('notes-pane');
      107 |       
        at /Users/akubird/.gemini/antigravity/scratch/teach-redesign/e2e/tier1/features-4-to-6.spec.ts:104:18

    Error Context: test-results/tier1-features-4-to-6-Tier-a2dd7--the-left-of-the-notes-pane-webkit/error-context.md


[1A[2K  43) [webkit] › e2e/tier1/features-4-to-6.spec.ts:101:5 › Tier 1: Milestone 2 (Features 4-6) › Feature 6: Book Detail Split-View (Source / Notes) › Split-view container uses flex or grid layout 

    Error: page.goto: Could not connect to the server.
    Call log:
    [2m  - navigating to "http://localhost:3000/", waiting until "load"[22m


      121 |
      122 |     test('Split-view container uses flex or grid layout', async ({ page }) => {
    > 123 |       await page.goto('http://localhost:3000');
          |                  ^
      124 |       const detailView = page.getByTestId('book-detail-view');
      125 |       await expect(detailView).toBeVisible();
      126 |       await expect(detailView).toHaveCSS('display', /flex|grid/);
        at /Users/akubird/.gemini/antigravity/scratch/teach-redesign/e2e/tier1/features-4-to-6.spec.ts:123:18

    Error Context: test-results/tier1-features-4-to-6-Tier-e8186-er-uses-flex-or-grid-layout-webkit/error-context.md


[1A[2K[44/45] [webkit] › e2e/tier1/features-4-to-6.spec.ts:123:5 › Tier 1: Milestone 2 (Features 4-6) › Feature 6: Book Detail Split-View (Source / Notes) › Source pane has aria-label or specific semantic role
[1A[2K[45/45] [webkit] › e2e/tier1/features-4-to-6.spec.ts:108:5 › Tier 1: Milestone 2 (Features 4-6) › Feature 6: Book Detail Split-View (Source / Notes) › Source pane and notes pane are vertically aligned
[1A[2K  44) [webkit] › e2e/tier1/features-4-to-6.spec.ts:123:5 › Tier 1: Milestone 2 (Features 4-6) › Feature 6: Book Detail Split-View (Source / Notes) › Source pane has aria-label or specific semantic role 

    Error: page.goto: Could not connect to the server.
    Call log:
    [2m  - navigating to "http://localhost:3000/", waiting until "load"[22m


      147 |
      148 |     test('Source pane has aria-label or specific semantic role', async ({ page }) => {
    > 149 |       await page.goto('http://localhost:3000');
          |                  ^
      150 |       const sourcePane = page.getByTestId('source-pane');
      151 |       await expect(sourcePane).toBeVisible();
      152 |       await expect(sourcePane).toHaveAttribute('aria-label', /source/i);
        at /Users/akubird/.gemini/antigravity/scratch/teach-redesign/e2e/tier1/features-4-to-6.spec.ts:149:18

    Error Context: test-results/tier1-features-4-to-6-Tier-5cb09-l-or-specific-semantic-role-webkit/error-context.md


[1A[2K  45) [webkit] › e2e/tier1/features-4-to-6.spec.ts:108:5 › Tier 1: Milestone 2 (Features 4-6) › Feature 6: Book Detail Split-View (Source / Notes) › Source pane and notes pane are vertically aligned 

    Error: page.goto: Could not connect to the server.
    Call log:
    [2m  - navigating to "http://localhost:3000/", waiting until "load"[22m


      128 |
      129 |     test('Source pane and notes pane are vertically aligned', async ({ page }) => {
    > 130 |       await page.goto('http://localhost:3000');
          |                  ^
      131 |       const sourcePane = page.getByTestId('source-pane');
      132 |       const notesPane = page.getByTestId('notes-pane');
      133 |       
        at /Users/akubird/.gemini/antigravity/scratch/teach-redesign/e2e/tier1/features-4-to-6.spec.ts:130:18

    Error Context: test-results/tier1-features-4-to-6-Tier-d7dde-pane-are-vertically-aligned-webkit/error-context.md


[1A[2K  45 failed
    [chromium] › e2e/tier1/features-4-to-6.spec.ts:6:5 › Tier 1: Milestone 2 (Features 4-6) › Feature 4: Thematic UI › Particle background is present 
    [chromium] › e2e/tier1/features-4-to-6.spec.ts:12:5 › Tier 1: Milestone 2 (Features 4-6) › Feature 4: Thematic UI › Dark mode background color is a gray shade, not pure black 
    [chromium] › e2e/tier1/features-4-to-6.spec.ts:22:5 › Tier 1: Milestone 2 (Features 4-6) › Feature 4: Thematic UI › Typography includes serif fonts for headings 
    [chromium] › e2e/tier1/features-4-to-6.spec.ts:28:5 › Tier 1: Milestone 2 (Features 4-6) › Feature 4: Thematic UI › Typography includes sans-serif fonts for UI elements 
    [chromium] › e2e/tier1/features-4-to-6.spec.ts:34:5 › Tier 1: Milestone 2 (Features 4-6) › Feature 4: Thematic UI › Typography includes monospace fonts for code or specific data 
    [chromium] › e2e/tier1/features-4-to-6.spec.ts:42:5 › Tier 1: Milestone 2 (Features 4-6) › Feature 5: 3D Book Covers & Flip-open animation › 3D Book covers are visible in the library 
    [chromium] › e2e/tier1/features-4-to-6.spec.ts:48:5 › Tier 1: Milestone 2 (Features 4-6) › Feature 5: 3D Book Covers & Flip-open animation › Clicking a 3D book cover triggers flip animation 
    [chromium] › e2e/tier1/features-4-to-6.spec.ts:55:5 › Tier 1: Milestone 2 (Features 4-6) › Feature 5: 3D Book Covers & Flip-open animation › 3D book cover has correct ARIA roles 
    [chromium] › e2e/tier1/features-4-to-6.spec.ts:61:5 › Tier 1: Milestone 2 (Features 4-6) › Feature 5: 3D Book Covers & Flip-open animation › Flip animation completes and navigates to book detail view 
    [chromium] › e2e/tier1/features-4-to-6.spec.ts:69:5 › Tier 1: Milestone 2 (Features 4-6) › Feature 5: 3D Book Covers & Flip-open animation › 3D Book cover has appropriate inline styles or CSS for 3D transform 
    [chromium] › e2e/tier1/features-4-to-6.spec.ts:77:5 › Tier 1: Milestone 2 (Features 4-6) › Feature 6: Book Detail Split-View (Source / Notes) › Book detail view displays both source pane and notes pane 
    [chromium] › e2e/tier1/features-4-to-6.spec.ts:85:5 › Tier 1: Milestone 2 (Features 4-6) › Feature 6: Book Detail Split-View (Source / Notes) › Source pane is positioned to the left of the notes pane 
    [chromium] › e2e/tier1/features-4-to-6.spec.ts:101:5 › Tier 1: Milestone 2 (Features 4-6) › Feature 6: Book Detail Split-View (Source / Notes) › Split-view container uses flex or grid layout 
    [chromium] › e2e/tier1/features-4-to-6.spec.ts:108:5 › Tier 1: Milestone 2 (Features 4-6) › Feature 6: Book Detail Split-View (Source / Notes) › Source pane and notes pane are vertically aligned 
    [chromium] › e2e/tier1/features-4-to-6.spec.ts:123:5 › Tier 1: Milestone 2 (Features 4-6) › Feature 6: Book Detail Split-View (Source / Notes) › Source pane has aria-label or specific semantic role 
    [firefox] › e2e/tier1/features-4-to-6.spec.ts:6:5 › Tier 1: Milestone 2 (Features 4-6) › Feature 4: Thematic UI › Particle background is present 
    [firefox] › e2e/tier1/features-4-to-6.spec.ts:12:5 › Tier 1: Milestone 2 (Features 4-6) › Feature 4: Thematic UI › Dark mode background color is a gray shade, not pure black 
    [firefox] › e2e/tier1/features-4-to-6.spec.ts:22:5 › Tier 1: Milestone 2 (Features 4-6) › Feature 4: Thematic UI › Typography includes serif fonts for headings 
    [firefox] › e2e/tier1/features-4-to-6.spec.ts:28:5 › Tier 1: Milestone 2 (Features 4-6) › Feature 4: Thematic UI › Typography includes sans-serif fonts for UI elements 
    [firefox] › e2e/tier1/features-4-to-6.spec.ts:34:5 › Tier 1: Milestone 2 (Features 4-6) › Feature 4: Thematic UI › Typography includes monospace fonts for code or specific data 
    [firefox] › e2e/tier1/features-4-to-6.spec.ts:42:5 › Tier 1: Milestone 2 (Features 4-6) › Feature 5: 3D Book Covers & Flip-open animation › 3D Book covers are visible in the library 
    [firefox] › e2e/tier1/features-4-to-6.spec.ts:48:5 › Tier 1: Milestone 2 (Features 4-6) › Feature 5: 3D Book Covers & Flip-open animation › Clicking a 3D book cover triggers flip animation 
    [firefox] › e2e/tier1/features-4-to-6.spec.ts:55:5 › Tier 1: Milestone 2 (Features 4-6) › Feature 5: 3D Book Covers & Flip-open animation › 3D book cover has correct ARIA roles 
    [firefox] › e2e/tier1/features-4-to-6.spec.ts:61:5 › Tier 1: Milestone 2 (Features 4-6) › Feature 5: 3D Book Covers & Flip-open animation › Flip animation completes and navigates to book detail view 
    [firefox] › e2e/tier1/features-4-to-6.spec.ts:69:5 › Tier 1: Milestone 2 (Features 4-6) › Feature 5: 3D Book Covers & Flip-open animation › 3D Book cover has appropriate inline styles or CSS for 3D transform 
    [firefox] › e2e/tier1/features-4-to-6.spec.ts:77:5 › Tier 1: Milestone 2 (Features 4-6) › Feature 6: Book Detail Split-View (Source / Notes) › Book detail view displays both source pane and notes pane 
    [firefox] › e2e/tier1/features-4-to-6.spec.ts:85:5 › Tier 1: Milestone 2 (Features 4-6) › Feature 6: Book Detail Split-View (Source / Notes) › Source pane is positioned to the left of the notes pane 
    [firefox] › e2e/tier1/features-4-to-6.spec.ts:101:5 › Tier 1: Milestone 2 (Features 4-6) › Feature 6: Book Detail Split-View (Source / Notes) › Split-view container uses flex or grid layout 
    [firefox] › e2e/tier1/features-4-to-6.spec.ts:108:5 › Tier 1: Milestone 2 (Features 4-6) › Feature 6: Book Detail Split-View (Source / Notes) › Source pane and notes pane are vertically aligned 
    [firefox] › e2e/tier1/features-4-to-6.spec.ts:123:5 › Tier 1: Milestone 2 (Features 4-6) › Feature 6: Book Detail Split-View (Source / Notes) › Source pane has aria-label or specific semantic role 
    [webkit] › e2e/tier1/features-4-to-6.spec.ts:6:5 › Tier 1: Milestone 2 (Features 4-6) › Feature 4: Thematic UI › Particle background is present 
    [webkit] › e2e/tier1/features-4-to-6.spec.ts:12:5 › Tier 1: Milestone 2 (Features 4-6) › Feature 4: Thematic UI › Dark mode background color is a gray shade, not pure black 
    [webkit] › e2e/tier1/features-4-to-6.spec.ts:22:5 › Tier 1: Milestone 2 (Features 4-6) › Feature 4: Thematic UI › Typography includes serif fonts for headings 
    [webkit] › e2e/tier1/features-4-to-6.spec.ts:28:5 › Tier 1: Milestone 2 (Features 4-6) › Feature 4: Thematic UI › Typography includes sans-serif fonts for UI elements 
    [webkit] › e2e/tier1/features-4-to-6.spec.ts:34:5 › Tier 1: Milestone 2 (Features 4-6) › Feature 4: Thematic UI › Typography includes monospace fonts for code or specific data 
    [webkit] › e2e/tier1/features-4-to-6.spec.ts:42:5 › Tier 1: Milestone 2 (Features 4-6) › Feature 5: 3D Book Covers & Flip-open animation › 3D Book covers are visible in the library 
    [webkit] › e2e/tier1/features-4-to-6.spec.ts:48:5 › Tier 1: Milestone 2 (Features 4-6) › Feature 5: 3D Book Covers & Flip-open animation › Clicking a 3D book cover triggers flip animation 
    [webkit] › e2e/tier1/features-4-to-6.spec.ts:55:5 › Tier 1: Milestone 2 (Features 4-6) › Feature 5: 3D Book Covers & Flip-open animation › 3D book cover has correct ARIA roles 
    [webkit] › e2e/tier1/features-4-to-6.spec.ts:61:5 › Tier 1: Milestone 2 (Features 4-6) › Feature 5: 3D Book Covers & Flip-open animation › Flip animation completes and navigates to book detail view 
    [webkit] › e2e/tier1/features-4-to-6.spec.ts:69:5 › Tier 1: Milestone 2 (Features 4-6) › Feature 5: 3D Book Covers & Flip-open animation › 3D Book cover has appropriate inline styles or CSS for 3D transform 
    [webkit] › e2e/tier1/features-4-to-6.spec.ts:77:5 › Tier 1: Milestone 2 (Features 4-6) › Feature 6: Book Detail Split-View (Source / Notes) › Book detail view displays both source pane and notes pane 
    [webkit] › e2e/tier1/features-4-to-6.spec.ts:85:5 › Tier 1: Milestone 2 (Features 4-6) › Feature 6: Book Detail Split-View (Source / Notes) › Source pane is positioned to the left of the notes pane 
    [webkit] › e2e/tier1/features-4-to-6.spec.ts:101:5 › Tier 1: Milestone 2 (Features 4-6) › Feature 6: Book Detail Split-View (Source / Notes) › Split-view container uses flex or grid layout 
    [webkit] › e2e/tier1/features-4-to-6.spec.ts:108:5 › Tier 1: Milestone 2 (Features 4-6) › Feature 6: Book Detail Split-View (Source / Notes) › Source pane and notes pane are vertically aligned 
    [webkit] › e2e/tier1/features-4-to-6.spec.ts:123:5 › Tier 1: Milestone 2 (Features 4-6) › Feature 6: Book Detail Split-View (Source / Notes) › Source pane has aria-label or specific semantic role 
